[2026-09-18T07:31:36.809+0000] {manager.py:469} INFO - Processing files using up to 2 processes at a time 
[2026-09-18T07:31:36.812+0000] {manager.py:470} INFO - Process each file at most once every 30 seconds
[2026-09-18T07:31:36.814+0000] {manager.py:471} INFO - Checking for new files in /opt/airflow/dags every 300 seconds
[2026-09-18T07:31:36.817+0000] {manager.py:738} INFO - Searching for files in /opt/airflow/dags
[2026-09-18T07:31:36.868+0000] {manager.py:741} INFO - There are 1 files in /opt/airflow/dags
[2026-09-18T07:31:37.126+0000] {manager.py:879} INFO - 
================================================================================
DAG File Processing Stats

File Path                                           PID  Runtime      # DAGs    # Errors  Last Runtime    Last Run
------------------------------------------------  -----  ---------  --------  ----------  --------------  ----------
/opt/airflow/dags/dag_qttg_bronze_silver_gold.py    168  0.16s             0           0
================================================================================
[2026-09-18T07:32:07.389+0000] {manager.py:879} INFO - 
================================================================================
DAG File Processing Stats

File Path                                         PID    Runtime      # DAGs    # Errors  Last Runtime    Last Run
------------------------------------------------  -----  ---------  --------  ----------  --------------  -------------------
/opt/airflow/dags/dag_qttg_bronze_silver_gold.py                           1           0  0.69s           2026-09-18T07:31:37
================================================================================
[2026-09-18T07:32:38.166+0000] {manager.py:879} INFO - 
================================================================================
DAG File Processing Stats

File Path                                           PID  Runtime      # DAGs    # Errors  Last Runtime    Last Run
------------------------------------------------  -----  ---------  --------  ----------  --------------  -------------------
/opt/airflow/dags/dag_qttg_bronze_silver_gold.py    178  0.01s             1           0  0.19s           2026-09-18T07:32:08
================================================================================
[2026-09-18T07:33:08.576+0000] {manager.py:879} INFO - 
================================================================================
DAG File Processing Stats

File Path                                           PID  Runtime      # DAGs    # Errors  Last Runtime    Last Run
------------------------------------------------  -----  ---------  --------  ----------  --------------  -------------------
/opt/airflow/dags/dag_qttg_bronze_silver_gold.py    183  0.00s             1           0  0.22s           2026-09-18T07:32:38
================================================================================
[2026-09-18T07:33:38.843+0000] {manager.py:879} INFO - 
================================================================================
DAG File Processing Stats

File Path                                           PID  Runtime      # DAGs    # Errors  Last Runtime    Last Run
------------------------------------------------  -----  ---------  --------  ----------  --------------  -------------------
/opt/airflow/dags/dag_qttg_bronze_silver_gold.py    188  0.01s             1           0  0.16s           2026-09-18T07:33:08
================================================================================
[2026-09-18T07:34:09.348+0000] {manager.py:879} INFO - 
================================================================================
DAG File Processing Stats

File Path                                           PID  Runtime      # DAGs    # Errors  Last Runtime    Last Run
------------------------------------------------  -----  ---------  --------  ----------  --------------  -------------------
/opt/airflow/dags/dag_qttg_bronze_silver_gold.py    205  0.02s             1           0  0.21s           2026-09-18T07:33:39
================================================================================
[2026-09-18T07:34:39.647+0000] {manager.py:879} INFO - 
================================================================================
DAG File Processing Stats

File Path                                         PID    Runtime      # DAGs    # Errors  Last Runtime    Last Run
------------------------------------------------  -----  ---------  --------  ----------  --------------  -------------------
/opt/airflow/dags/dag_qttg_bronze_silver_gold.py                           1           0  0.57s           2026-09-18T07:34:09
================================================================================
[2026-09-18T07:35:09.698+0000] {manager.py:879} INFO - 
================================================================================
DAG File Processing Stats

File Path                                         PID    Runtime      # DAGs    # Errors  Last Runtime    Last Run
------------------------------------------------  -----  ---------  --------  ----------  --------------  -------------------
/opt/airflow/dags/dag_qttg_bronze_silver_gold.py                           1           0  0.29s           2026-09-18T07:34:40
================================================================================
[2026-09-18T07:35:39.951+0000] {manager.py:879} INFO - 
================================================================================
DAG File Processing Stats

File Path                                         PID    Runtime      # DAGs    # Errors  Last Runtime    Last Run
------------------------------------------------  -----  ---------  --------  ----------  --------------  -------------------
/opt/airflow/dags/dag_qttg_bronze_silver_gold.py                           1           0  0.29s           2026-09-18T07:35:10
================================================================================
[2026-09-18T07:36:10.237+0000] {manager.py:879} INFO - 
================================================================================
DAG File Processing Stats

File Path                                         PID    Runtime      # DAGs    # Errors  Last Runtime    Last Run
------------------------------------------------  -----  ---------  --------  ----------  --------------  -------------------
/opt/airflow/dags/dag_qttg_bronze_silver_gold.py                           1           0  0.32s           2026-09-18T07:35:41
================================================================================
[2026-09-18T07:36:36.948+0000] {manager.py:738} INFO - Searching for files in /opt/airflow/dags
[2026-09-18T07:36:37.062+0000] {manager.py:741} INFO - There are 1 files in /opt/airflow/dags
[2026-09-18T07:36:40.834+0000] {manager.py:879} INFO - 
================================================================================
DAG File Processing Stats

File Path                                         PID    Runtime      # DAGs    # Errors  Last Runtime    Last Run
------------------------------------------------  -----  ---------  --------  ----------  --------------  -------------------
/opt/airflow/dags/dag_qttg_bronze_silver_gold.py                           1           0  0.18s           2026-09-18T07:36:11
================================================================================
[2026-09-18T07:37:11.152+0000] {manager.py:879} INFO - 
================================================================================
DAG File Processing Stats

File Path                                         PID    Runtime      # DAGs    # Errors  Last Runtime    Last Run
------------------------------------------------  -----  ---------  --------  ----------  --------------  -------------------
/opt/airflow/dags/dag_qttg_bronze_silver_gold.py                           1           0  0.24s           2026-09-18T07:36:42
================================================================================
[2026-09-18T07:37:41.660+0000] {manager.py:879} INFO - 
================================================================================
DAG File Processing Stats

File Path                                         PID    Runtime      # DAGs    # Errors  Last Runtime    Last Run
------------------------------------------------  -----  ---------  --------  ----------  --------------  -------------------
/opt/airflow/dags/dag_qttg_bronze_silver_gold.py                           1           0  0.25s           2026-09-18T07:37:12
================================================================================
[2026-09-18T07:38:11.957+0000] {manager.py:879} INFO - 
================================================================================
DAG File Processing Stats

File Path                                         PID    Runtime      # DAGs    # Errors  Last Runtime    Last Run
------------------------------------------------  -----  ---------  --------  ----------  --------------  -------------------
/opt/airflow/dags/dag_qttg_bronze_silver_gold.py                           1           0  0.25s           2026-09-18T07:37:42
================================================================================
[2026-09-18T07:38:42.460+0000] {manager.py:879} INFO - 
================================================================================
DAG File Processing Stats

File Path                                         PID    Runtime      # DAGs    # Errors  Last Runtime    Last Run
------------------------------------------------  -----  ---------  --------  ----------  --------------  -------------------
/opt/airflow/dags/dag_qttg_bronze_silver_gold.py                           1           0  0.33s           2026-09-18T07:38:13
================================================================================
[2026-09-18T07:39:12.921+0000] {manager.py:879} INFO - 
================================================================================
DAG File Processing Stats

File Path                                         PID    Runtime      # DAGs    # Errors  Last Runtime    Last Run
------------------------------------------------  -----  ---------  --------  ----------  --------------  -------------------
/opt/airflow/dags/dag_qttg_bronze_silver_gold.py                           1           0  0.21s           2026-09-18T07:38:43
================================================================================
[2026-09-18T07:39:43.314+0000] {manager.py:879} INFO - 
================================================================================
DAG File Processing Stats

File Path                                         PID    Runtime      # DAGs    # Errors  Last Runtime    Last Run
------------------------------------------------  -----  ---------  --------  ----------  --------------  -------------------
/opt/airflow/dags/dag_qttg_bronze_silver_gold.py                           1           0  0.23s           2026-09-18T07:39:14
================================================================================
[2026-09-18T07:40:13.824+0000] {manager.py:879} INFO - 
================================================================================
DAG File Processing Stats

File Path                                         PID    Runtime      # DAGs    # Errors  Last Runtime    Last Run
------------------------------------------------  -----  ---------  --------  ----------  --------------  -------------------
/opt/airflow/dags/dag_qttg_bronze_silver_gold.py                           1           0  0.16s           2026-09-18T07:39:44
================================================================================
[2026-09-18T07:40:44.151+0000] {manager.py:879} INFO - 
================================================================================
DAG File Processing Stats

File Path                                         PID    Runtime      # DAGs    # Errors  Last Runtime    Last Run
------------------------------------------------  -----  ---------  --------  ----------  --------------  -------------------
/opt/airflow/dags/dag_qttg_bronze_silver_gold.py                           1           0  0.16s           2026-09-18T07:40:15
================================================================================
[2026-09-18T07:41:14.609+0000] {manager.py:879} INFO - 
================================================================================
DAG File Processing Stats

File Path                                         PID    Runtime      # DAGs    # Errors  Last Runtime    Last Run
------------------------------------------------  -----  ---------  --------  ----------  --------------  -------------------
/opt/airflow/dags/dag_qttg_bronze_silver_gold.py                           1           0  0.25s           2026-09-18T07:40:45
================================================================================
[2026-09-18T07:41:36.949+0000] {manager.py:738} INFO - Searching for files in /opt/airflow/dags
[2026-09-18T07:41:36.993+0000] {manager.py:741} INFO - There are 1 files in /opt/airflow/dags
[2026-09-18T07:41:44.991+0000] {manager.py:879} INFO - 
================================================================================
DAG File Processing Stats

File Path                                         PID    Runtime      # DAGs    # Errors  Last Runtime    Last Run
------------------------------------------------  -----  ---------  --------  ----------  --------------  -------------------
/opt/airflow/dags/dag_qttg_bronze_silver_gold.py                           1           0  0.16s           2026-09-18T07:41:15
================================================================================
[2026-09-18T07:42:15.425+0000] {manager.py:879} INFO - 
================================================================================
DAG File Processing Stats

File Path                                         PID    Runtime      # DAGs    # Errors  Last Runtime    Last Run
------------------------------------------------  -----  ---------  --------  ----------  --------------  -------------------
/opt/airflow/dags/dag_qttg_bronze_silver_gold.py                           1           0  0.25s           2026-09-18T07:41:46
================================================================================
[2026-09-18T07:42:45.822+0000] {manager.py:879} INFO - 
================================================================================
DAG File Processing Stats

File Path                                         PID    Runtime      # DAGs    # Errors  Last Runtime    Last Run
------------------------------------------------  -----  ---------  --------  ----------  --------------  -------------------
/opt/airflow/dags/dag_qttg_bronze_silver_gold.py                           1           0  0.21s           2026-09-18T07:42:16
================================================================================
[2026-09-18T07:43:16.245+0000] {manager.py:879} INFO - 
================================================================================
DAG File Processing Stats

File Path                                         PID    Runtime      # DAGs    # Errors  Last Runtime    Last Run
------------------------------------------------  -----  ---------  --------  ----------  --------------  -------------------
/opt/airflow/dags/dag_qttg_bronze_silver_gold.py                           1           0  0.20s           2026-09-18T07:42:47
================================================================================
[2026-09-18T07:43:46.647+0000] {manager.py:879} INFO - 
================================================================================
DAG File Processing Stats

File Path                                         PID    Runtime      # DAGs    # Errors  Last Runtime    Last Run
------------------------------------------------  -----  ---------  --------  ----------  --------------  -------------------
/opt/airflow/dags/dag_qttg_bronze_silver_gold.py                           1           0  0.19s           2026-09-18T07:43:17
================================================================================
[2026-09-18T07:44:16.993+0000] {manager.py:879} INFO - 
================================================================================
DAG File Processing Stats

File Path                                         PID    Runtime      # DAGs    # Errors  Last Runtime    Last Run
------------------------------------------------  -----  ---------  --------  ----------  --------------  -------------------
/opt/airflow/dags/dag_qttg_bronze_silver_gold.py                           1           0  0.15s           2026-09-18T07:43:47
================================================================================
[2026-09-18T07:44:47.371+0000] {manager.py:879} INFO - 
================================================================================
DAG File Processing Stats

File Path                                         PID    Runtime      # DAGs    # Errors  Last Runtime    Last Run
------------------------------------------------  -----  ---------  --------  ----------  --------------  -------------------
/opt/airflow/dags/dag_qttg_bronze_silver_gold.py                           1           0  0.19s           2026-09-18T07:44:18
================================================================================
[2026-09-18T07:45:17.781+0000] {manager.py:879} INFO - 
================================================================================
DAG File Processing Stats

File Path                                         PID    Runtime      # DAGs    # Errors  Last Runtime    Last Run
------------------------------------------------  -----  ---------  --------  ----------  --------------  -------------------
/opt/airflow/dags/dag_qttg_bronze_silver_gold.py                           1           0  0.24s           2026-09-18T07:44:48
================================================================================
[2026-09-18T07:45:48.152+0000] {manager.py:879} INFO - 
================================================================================
DAG File Processing Stats

File Path                                         PID    Runtime      # DAGs    # Errors  Last Runtime    Last Run
------------------------------------------------  -----  ---------  --------  ----------  --------------  -------------------
/opt/airflow/dags/dag_qttg_bronze_silver_gold.py                           1           0  0.25s           2026-09-18T07:45:19
================================================================================
[2026-09-18T07:46:18.595+0000] {manager.py:879} INFO - 
================================================================================
DAG File Processing Stats

File Path                                         PID    Runtime      # DAGs    # Errors  Last Runtime    Last Run
------------------------------------------------  -----  ---------  --------  ----------  --------------  -------------------
/opt/airflow/dags/dag_qttg_bronze_silver_gold.py                           1           0  0.24s           2026-09-18T07:45:49
================================================================================
[2026-09-18T07:46:36.993+0000] {manager.py:738} INFO - Searching for files in /opt/airflow/dags
[2026-09-18T07:46:37.038+0000] {manager.py:741} INFO - There are 1 files in /opt/airflow/dags
[2026-09-18T07:46:49.010+0000] {manager.py:879} INFO - 
================================================================================
DAG File Processing Stats

File Path                                         PID    Runtime      # DAGs    # Errors  Last Runtime    Last Run
------------------------------------------------  -----  ---------  --------  ----------  --------------  -------------------
/opt/airflow/dags/dag_qttg_bronze_silver_gold.py                           1           0  0.20s           2026-09-18T07:46:19
================================================================================
[2026-09-18T07:47:19.442+0000] {manager.py:879} INFO - 
================================================================================
DAG File Processing Stats

File Path                                         PID    Runtime      # DAGs    # Errors  Last Runtime    Last Run
------------------------------------------------  -----  ---------  --------  ----------  --------------  -------------------
/opt/airflow/dags/dag_qttg_bronze_silver_gold.py                           1           0  0.23s           2026-09-18T07:46:50
================================================================================
[2026-09-18T07:47:49.838+0000] {manager.py:879} INFO - 
================================================================================
DAG File Processing Stats

File Path                                         PID    Runtime      # DAGs    # Errors  Last Runtime    Last Run
------------------------------------------------  -----  ---------  --------  ----------  --------------  -------------------
/opt/airflow/dags/dag_qttg_bronze_silver_gold.py                           1           0  0.26s           2026-09-18T07:47:20
================================================================================
[2026-09-18T07:48:20.242+0000] {manager.py:879} INFO - 
================================================================================
DAG File Processing Stats

File Path                                         PID    Runtime      # DAGs    # Errors  Last Runtime    Last Run
------------------------------------------------  -----  ---------  --------  ----------  --------------  -------------------
/opt/airflow/dags/dag_qttg_bronze_silver_gold.py                           1           0  0.27s           2026-09-18T07:47:51
================================================================================
[2026-09-18T07:48:50.709+0000] {manager.py:879} INFO - 
================================================================================
DAG File Processing Stats

File Path                                         PID    Runtime      # DAGs    # Errors  Last Runtime    Last Run
------------------------------------------------  -----  ---------  --------  ----------  --------------  -------------------
/opt/airflow/dags/dag_qttg_bronze_silver_gold.py                           1           0  0.21s           2026-09-18T07:48:21
================================================================================
[2026-09-18T07:49:21.070+0000] {manager.py:879} INFO - 
================================================================================
DAG File Processing Stats

File Path                                         PID    Runtime      # DAGs    # Errors  Last Runtime    Last Run
------------------------------------------------  -----  ---------  --------  ----------  --------------  -------------------
/opt/airflow/dags/dag_qttg_bronze_silver_gold.py                           1           0  0.23s           2026-09-18T07:48:51
================================================================================
[2026-09-18T07:49:51.497+0000] {manager.py:879} INFO - 
================================================================================
DAG File Processing Stats

File Path                                         PID    Runtime      # DAGs    # Errors  Last Runtime    Last Run
------------------------------------------------  -----  ---------  --------  ----------  --------------  -------------------
/opt/airflow/dags/dag_qttg_bronze_silver_gold.py                           1           0  0.24s           2026-09-18T07:49:22
================================================================================
[2026-09-18T07:50:21.878+0000] {manager.py:879} INFO - 
================================================================================
DAG File Processing Stats

File Path                                         PID    Runtime      # DAGs    # Errors  Last Runtime    Last Run
------------------------------------------------  -----  ---------  --------  ----------  --------------  -------------------
/opt/airflow/dags/dag_qttg_bronze_silver_gold.py                           1           0  0.23s           2026-09-18T07:49:52
================================================================================
[2026-09-18T07:50:52.324+0000] {manager.py:879} INFO - 
================================================================================
DAG File Processing Stats

File Path                                         PID    Runtime      # DAGs    # Errors  Last Runtime    Last Run
------------------------------------------------  -----  ---------  --------  ----------  --------------  -------------------
/opt/airflow/dags/dag_qttg_bronze_silver_gold.py                           1           0  0.25s           2026-09-18T07:50:23
================================================================================
