[2026-09-18T07:33:45.403+0000] {taskinstance.py:1956} INFO - Dependencies all met for dep_context=non-requeueable deps ti=<TaskInstance: qttg_bronze_silver_gold.bronze_qttg manual__2026-09-18T07:33:43.962545+00:00 [queued]>
[2026-09-18T07:33:45.418+0000] {taskinstance.py:1956} INFO - Dependencies all met for dep_context=requeueable deps ti=<TaskInstance: qttg_bronze_silver_gold.bronze_qttg manual__2026-09-18T07:33:43.962545+00:00 [queued]>
[2026-09-18T07:33:45.420+0000] {taskinstance.py:2170} INFO - Starting attempt 1 of 2
[2026-09-18T07:33:45.435+0000] {taskinstance.py:2191} INFO - Executing <Task(BashOperator): bronze_qttg> on 2026-09-18 07:33:43.962545+00:00
[2026-09-18T07:33:45.442+0000] {standard_task_runner.py:60} INFO - Started process 194 to run task
[2026-09-18T07:33:45.445+0000] {standard_task_runner.py:87} INFO - Running: ['***', 'tasks', 'run', 'qttg_bronze_silver_gold', 'bronze_qttg', 'manual__2026-09-18T07:33:43.962545+00:00', '--job-id', '30', '--raw', '--subdir', 'DAGS_FOLDER/dag_qttg_bronze_silver_gold.py', '--cfg-path', '/tmp/tmpuh391e8a']
[2026-09-18T07:33:45.451+0000] {standard_task_runner.py:88} INFO - Job 30: Subtask bronze_qttg
[2026-09-18T07:33:45.521+0000] {task_command.py:423} INFO - Running <TaskInstance: qttg_bronze_silver_gold.bronze_qttg manual__2026-09-18T07:33:43.962545+00:00 [running]> on host d1fb7965df24
[2026-09-18T07:33:45.621+0000] {taskinstance.py:2480} INFO - Exporting env vars: AIRFLOW_CTX_DAG_OWNER='student' AIRFLOW_CTX_DAG_ID='qttg_bronze_silver_gold' AIRFLOW_CTX_TASK_ID='bronze_qttg' AIRFLOW_CTX_EXECUTION_DATE='2026-09-18T07:33:43.962545+00:00' AIRFLOW_CTX_TRY_NUMBER='1' AIRFLOW_CTX_DAG_RUN_ID='manual__2026-09-18T07:33:43.962545+00:00'
[2026-09-18T07:33:45.624+0000] {subprocess.py:63} INFO - Tmp dir root location: /tmp
[2026-09-18T07:33:45.626+0000] {subprocess.py:75} INFO - Running command: ['/usr/bin/bash', '-c', 'set -e\ndocker exec qttg-spark-master   /opt/spark/bin/spark-submit   --master spark://spark-master:7077   --deploy-mode client   --driver-memory 1g   --executor-memory 2g   --executor-cores 2   /opt/spark/apps/qttg/bronze_qttg.py --input-dir file:///opt/spark/data/raw_qttg_1m --output-dir file:///opt/spark/data/lake/bronze']
[2026-09-18T07:33:45.636+0000] {subprocess.py:86} INFO - Output:
[2026-09-18T07:33:48.924+0000] {subprocess.py:93} INFO - 26/09/18 07:33:48 INFO SparkContext: Running Spark version 3.5.3
[2026-09-18T07:33:48.927+0000] {subprocess.py:93} INFO - 26/09/18 07:33:48 INFO SparkContext: OS info Linux, 6.18.33.2-microsoft-standard-WSL2, amd64
[2026-09-18T07:33:48.929+0000] {subprocess.py:93} INFO - 26/09/18 07:33:48 INFO SparkContext: Java version 11.0.24
[2026-09-18T07:33:48.997+0000] {subprocess.py:93} INFO - 26/09/18 07:33:48 WARN NativeCodeLoader: Unable to load native-hadoop library for your platform... using builtin-java classes where applicable
[2026-09-18T07:33:49.095+0000] {subprocess.py:93} INFO - 26/09/18 07:33:49 INFO ResourceUtils: ==============================================================
[2026-09-18T07:33:49.097+0000] {subprocess.py:93} INFO - 26/09/18 07:33:49 INFO ResourceUtils: No custom resources configured for spark.driver.
[2026-09-18T07:33:49.098+0000] {subprocess.py:93} INFO - 26/09/18 07:33:49 INFO ResourceUtils: ==============================================================
[2026-09-18T07:33:49.099+0000] {subprocess.py:93} INFO - 26/09/18 07:33:49 INFO SparkContext: Submitted application: bronze_qttg
[2026-09-18T07:33:49.120+0000] {subprocess.py:93} INFO - 26/09/18 07:33:49 INFO ResourceProfile: Default ResourceProfile created, executor resources: Map(cores -> name: cores, amount: 2, script: , vendor: , memory -> name: memory, amount: 2048, script: , vendor: , offHeap -> name: offHeap, amount: 0, script: , vendor: ), task resources: Map(cpus -> name: cpus, amount: 1.0)
[2026-09-18T07:33:49.133+0000] {subprocess.py:93} INFO - 26/09/18 07:33:49 INFO ResourceProfile: Limiting resource is cpus at 2 tasks per executor
[2026-09-18T07:33:49.138+0000] {subprocess.py:93} INFO - 26/09/18 07:33:49 INFO ResourceProfileManager: Added ResourceProfile id: 0
[2026-09-18T07:33:49.235+0000] {subprocess.py:93} INFO - 26/09/18 07:33:49 INFO SecurityManager: Changing view acls to: root
[2026-09-18T07:33:49.237+0000] {subprocess.py:93} INFO - 26/09/18 07:33:49 INFO SecurityManager: Changing modify acls to: root
[2026-09-18T07:33:49.239+0000] {subprocess.py:93} INFO - 26/09/18 07:33:49 INFO SecurityManager: Changing view acls groups to:
[2026-09-18T07:33:49.242+0000] {subprocess.py:93} INFO - 26/09/18 07:33:49 INFO SecurityManager: Changing modify acls groups to:
[2026-09-18T07:33:49.246+0000] {subprocess.py:93} INFO - 26/09/18 07:33:49 INFO SecurityManager: SecurityManager: authentication disabled; ui acls disabled; users with view permissions: root; groups with view permissions: EMPTY; users with modify permissions: root; groups with modify permissions: EMPTY
[2026-09-18T07:33:49.544+0000] {subprocess.py:93} INFO - 26/09/18 07:33:49 INFO Utils: Successfully started service 'sparkDriver' on port 46325.
[2026-09-18T07:33:49.573+0000] {subprocess.py:93} INFO - 26/09/18 07:33:49 INFO SparkEnv: Registering MapOutputTracker
[2026-09-18T07:33:49.611+0000] {subprocess.py:93} INFO - 26/09/18 07:33:49 INFO SparkEnv: Registering BlockManagerMaster
[2026-09-18T07:33:49.629+0000] {subprocess.py:93} INFO - 26/09/18 07:33:49 INFO BlockManagerMasterEndpoint: Using org.apache.spark.storage.DefaultTopologyMapper for getting topology information
[2026-09-18T07:33:49.631+0000] {subprocess.py:93} INFO - 26/09/18 07:33:49 INFO BlockManagerMasterEndpoint: BlockManagerMasterEndpoint up
[2026-09-18T07:33:49.636+0000] {subprocess.py:93} INFO - 26/09/18 07:33:49 INFO SparkEnv: Registering BlockManagerMasterHeartbeat
[2026-09-18T07:33:49.672+0000] {subprocess.py:93} INFO - 26/09/18 07:33:49 INFO DiskBlockManager: Created local directory at /tmp/blockmgr-612f76c8-9c35-4aca-aa54-691063d824b8
[2026-09-18T07:33:49.689+0000] {subprocess.py:93} INFO - 26/09/18 07:33:49 INFO MemoryStore: MemoryStore started with capacity 434.4 MiB
[2026-09-18T07:33:49.708+0000] {subprocess.py:93} INFO - 26/09/18 07:33:49 INFO SparkEnv: Registering OutputCommitCoordinator
[2026-09-18T07:33:49.883+0000] {subprocess.py:93} INFO - 26/09/18 07:33:49 INFO JettyUtils: Start Jetty 0.0.0.0:4040 for SparkUI
[2026-09-18T07:33:49.977+0000] {subprocess.py:93} INFO - 26/09/18 07:33:49 INFO Utils: Successfully started service 'SparkUI' on port 4040.
[2026-09-18T07:33:50.109+0000] {subprocess.py:93} INFO - 26/09/18 07:33:50 INFO StandaloneAppClient$ClientEndpoint: Connecting to master spark://spark-master:7077...
[2026-09-18T07:33:50.178+0000] {subprocess.py:93} INFO - 26/09/18 07:33:50 INFO TransportClientFactory: Successfully created connection to spark-master/172.18.0.3:7077 after 46 ms (0 ms spent in bootstraps)
[2026-09-18T07:33:50.356+0000] {subprocess.py:93} INFO - 26/09/18 07:33:50 INFO StandaloneSchedulerBackend: Connected to Spark cluster with app ID app-20260918073350-0000
[2026-09-18T07:33:50.366+0000] {subprocess.py:93} INFO - 26/09/18 07:33:50 INFO Utils: Successfully started service 'org.apache.spark.network.netty.NettyBlockTransferService' on port 46393.
[2026-09-18T07:33:50.368+0000] {subprocess.py:93} INFO - 26/09/18 07:33:50 INFO NettyBlockTransferService: Server created on e346999f4dc4:46393
[2026-09-18T07:33:50.370+0000] {subprocess.py:93} INFO - 26/09/18 07:33:50 INFO BlockManager: Using org.apache.spark.storage.RandomBlockReplicationPolicy for block replication policy
[2026-09-18T07:33:50.378+0000] {subprocess.py:93} INFO - 26/09/18 07:33:50 INFO BlockManagerMaster: Registering BlockManager BlockManagerId(driver, e346999f4dc4, 46393, None)
[2026-09-18T07:33:50.385+0000] {subprocess.py:93} INFO - 26/09/18 07:33:50 INFO BlockManagerMasterEndpoint: Registering block manager e346999f4dc4:46393 with 434.4 MiB RAM, BlockManagerId(driver, e346999f4dc4, 46393, None)
[2026-09-18T07:33:50.391+0000] {subprocess.py:93} INFO - 26/09/18 07:33:50 INFO BlockManagerMaster: Registered BlockManager BlockManagerId(driver, e346999f4dc4, 46393, None)
[2026-09-18T07:33:50.393+0000] {subprocess.py:93} INFO - 26/09/18 07:33:50 INFO BlockManager: Initialized BlockManager: BlockManagerId(driver, e346999f4dc4, 46393, None)
[2026-09-18T07:33:50.411+0000] {subprocess.py:93} INFO - 26/09/18 07:33:50 INFO StandaloneAppClient$ClientEndpoint: Executor added: app-20260918073350-0000/0 on worker-20260918073125-172.18.0.6-34345 (172.18.0.6:34345) with 2 core(s)
[2026-09-18T07:33:50.419+0000] {subprocess.py:93} INFO - 26/09/18 07:33:50 INFO StandaloneSchedulerBackend: Granted executor ID app-20260918073350-0000/0 on hostPort 172.18.0.6:34345 with 2 core(s), 2.0 GiB RAM
[2026-09-18T07:33:50.421+0000] {subprocess.py:93} INFO - 26/09/18 07:33:50 INFO StandaloneAppClient$ClientEndpoint: Executor added: app-20260918073350-0000/1 on worker-20260918073125-172.18.0.6-34345 (172.18.0.6:34345) with 2 core(s)
[2026-09-18T07:33:50.424+0000] {subprocess.py:93} INFO - 26/09/18 07:33:50 INFO StandaloneSchedulerBackend: Granted executor ID app-20260918073350-0000/1 on hostPort 172.18.0.6:34345 with 2 core(s), 2.0 GiB RAM
[2026-09-18T07:33:50.427+0000] {subprocess.py:93} INFO - 26/09/18 07:33:50 INFO StandaloneAppClient$ClientEndpoint: Executor added: app-20260918073350-0000/2 on worker-20260918073125-172.18.0.6-34345 (172.18.0.6:34345) with 2 core(s)
[2026-09-18T07:33:50.430+0000] {subprocess.py:93} INFO - 26/09/18 07:33:50 INFO StandaloneSchedulerBackend: Granted executor ID app-20260918073350-0000/2 on hostPort 172.18.0.6:34345 with 2 core(s), 2.0 GiB RAM
[2026-09-18T07:33:50.783+0000] {subprocess.py:93} INFO - 26/09/18 07:33:50 INFO StandaloneAppClient$ClientEndpoint: Executor updated: app-20260918073350-0000/2 is now RUNNING
[2026-09-18T07:33:50.787+0000] {subprocess.py:93} INFO - 26/09/18 07:33:50 INFO StandaloneAppClient$ClientEndpoint: Executor updated: app-20260918073350-0000/1 is now RUNNING
[2026-09-18T07:33:50.789+0000] {subprocess.py:93} INFO - 26/09/18 07:33:50 INFO StandaloneAppClient$ClientEndpoint: Executor updated: app-20260918073350-0000/0 is now RUNNING
[2026-09-18T07:33:50.867+0000] {subprocess.py:93} INFO - 26/09/18 07:33:50 INFO StandaloneSchedulerBackend: SchedulerBackend is ready for scheduling beginning after reached minRegisteredResourcesRatio: 0.0
[2026-09-18T07:33:51.297+0000] {subprocess.py:93} INFO - [BRONZE] Doc master tu: file:///opt/spark/data/raw_qttg_1m/RAW_QTTG_BHXH.csv
[2026-09-18T07:34:03.472+0000] {subprocess.py:93} INFO - [BRONZE] Doc detail tu: file:///opt/spark/data/raw_qttg_1m/RAW_QTTG_BHXH_DETAIL.csv
[2026-09-18T07:34:06.246+0000] {subprocess.py:93} INFO - [BRONZE] Ghi master ra: file:///opt/spark/data/lake/bronze/raw_qttg_bhxh
[2026-09-18T07:34:06.411+0000] {subprocess.py:93} INFO - 26/09/18 07:34:06 WARN SparkStringUtils: Truncated the string representation of a plan since it was too large. This behavior can be adjusted by setting 'spark.sql.debug.maxToStringFields'.
[2026-09-18T07:34:16.865+0000] {subprocess.py:93} INFO - [BRONZE] Ghi detail ra: file:///opt/spark/data/lake/bronze/raw_qttg_bhxh_detail
[2026-09-18T07:34:31.611+0000] {subprocess.py:93} INFO - LAYER=BRONZE STATUS=SUCCESS MASTER_ROWS=142857 DETAIL_ROWS=1000000
[2026-09-18T07:34:32.077+0000] {subprocess.py:97} INFO - Command exited with return code 0
[2026-09-18T07:34:32.123+0000] {taskinstance.py:1138} INFO - Marking task as SUCCESS. dag_id=qttg_bronze_silver_gold, task_id=bronze_qttg, execution_date=20260918T073343, start_date=20260918T073345, end_date=20260918T073432
[2026-09-18T07:34:32.169+0000] {local_task_job_runner.py:234} INFO - Task exited with return code 0
[2026-09-18T07:34:32.215+0000] {taskinstance.py:3280} INFO - 1 downstream tasks scheduled from follow-on schedule check
